// Jest Snapshot v1, https://goo.gl/fbAQLP

exports[`logger should format successful test output correctly (with debug logger) 1`] = `""`;
